// Jest Snapshot v1, https://goo.gl/fbAQLP

exports[`tokens PanelStyles 1`] = `
Array [
  "
    background-color: white;
    border: 1px solid black;
    font-size: 16px;
    box-sizing: border-box;
    text-decoration: none;
    color: black;
    padding: 20px;
",
]
`;

exports[`tokens SubmitInputStyles 1`] = `
Array [
  "
    background-color: #03fc28;
    border-radius: 4px;
    border: 1px solid black;
    font-size: 14px; 
    padding: 8px;
",
]
`;
