// Jest Snapshot v1, https://goo.gl/fbAQLP

exports[`FormBody component component matches snapshot when Done is active 1`] = `
<DonePanel
  key="Done"
/>
`;

exports[`FormBody component component matches snapshot when Privacy is active 1`] = `
<PrivacyPanel
  key="Privacy"
/>
`;

exports[`FormBody component component matches snapshot when User is active 1`] = `
<UserPanel
  key="User"
/>
`;
