// Jest Snapshot v1, https://goo.gl/fbAQLP

exports[`UserPanel component component matches snapshot 1`] = `
<styled.form
  onSubmit={[Function]}
>
  <styled.label>
    <div>
       Name: 
      <styled.div>
        *
      </styled.div>
       
    </div>
    <styled.input
      onChange={[Function]}
      required={true}
      type="text"
      value=""
    />
  </styled.label>
  <styled.label>
    Role:
    <styled.input
      onChange={[Function]}
      type="text"
      value=""
    />
  </styled.label>
  <styled.label>
    <div>
       Email: 
      <styled.div>
        *
      </styled.div>
       
    </div>
    <styled.input
      onChange={[Function]}
      required={true}
      type="email"
      value=""
    />
  </styled.label>
  <styled.label>
    <div>
       Password: 
      <styled.div>
        *
      </styled.div>
       
    </div>
    <styled.input
      onChange={[Function]}
      required={true}
      type="password"
      value=""
    />
  </styled.label>
  <styled.div>
    <styled.input
      type="submit"
      value="Submit"
    />
  </styled.div>
</styled.form>
`;
