// Jest Snapshot v1, https://goo.gl/fbAQLP

exports[`UserPanel component component matches snapshot 1`] = `
<styled.form
  onSubmit={[Function]}
>
  <styled.div>
    <label
      htmlFor="name"
    >
       Name: 
      <styled.div>
        *
      </styled.div>
       
    </label>
    <styled.input
      id="name"
      onChange={[Function]}
      required={true}
      type="text"
      value=""
    />
  </styled.div>
  <styled.div>
    <label
      htmlFor="role"
    >
      Role:
    </label>
    <styled.input
      id="role"
      onChange={[Function]}
      type="text"
      value=""
    />
  </styled.div>
  <styled.div>
    <label
      htmlFor="email"
    >
       Email: 
      <styled.div>
        *
      </styled.div>
       
    </label>
    <styled.input
      id="email"
      onChange={[Function]}
      required={true}
      type="email"
      value=""
    />
  </styled.div>
  <styled.div>
    <label
      htmlFor="password"
    >
       Password: 
      <styled.div>
        *
      </styled.div>
       
    </label>
    <styled.input
      id="password"
      onChange={[Function]}
      required={true}
      type="password"
      value=""
    />
  </styled.div>
  <styled.div>
    <styled.input
      type="submit"
      value="Submit"
    />
  </styled.div>
</styled.form>
`;
